UNIT U00-env: 6.4s exit=0 vram 590->590 MiB
UNIT U01-prep-targets: 11.3s exit=0 vram 590->590 MiB
UNIT U02-prep-source-8192: 188.8s exit=0 vram 590->590 MiB
UNIT U03-prep-source-3101: 61.7s exit=0 vram 590->590 MiB
UNIT U04-remean-nfcorpus: 16.7s exit=0 vram 590->590 MiB
UNIT U04-remean-scifact: 20.4s exit=0 vram 590->590 MiB
UNIT U04-remean-arguana: 29.1s exit=0 vram 590->590 MiB
UNIT train-portable-mlp-s1: 180.4s exit=0 vram 590->590 MiB
UNIT train-portable-elm-s1: 87.3s exit=0 vram 590->590 MiB
UNIT train-nfcorpus-mlp-s1: 90.6s exit=0 vram 590->590 MiB
UNIT train-nfcorpus-elm-s1: 51.4s exit=0 vram 590->590 MiB
UNIT eval-nfcorpus--percorpus-mlp--s1--exact: 18.2s exit=0 vram 590->590 MiB
UNIT eval-nfcorpus--portable-mlp--s1--exact: 17.8s exit=0 vram 590->590 MiB
UNIT eval-nfcorpus--percorpus-elm--s1--exact: 18.1s exit=0 vram 590->590 MiB
UNIT eval-nfcorpus--portable-elm--s1--exact: 18.1s exit=0 vram 590->590 MiB
UNIT recal-portable-mlp-s1-nfcorpus: 17.7s exit=0 vram 590->590 MiB
UNIT eval-nfcorpus--portable-mlp-remean--s1--exact: 18.3s exit=0 vram 590->590 MiB
UNIT eval-nfcorpus--portable-mlp-recal--s1--exact: 18.2s exit=0 vram 590->590 MiB
UNIT recal-portable-elm-s1-nfcorpus: 17.7s exit=0 vram 590->590 MiB
UNIT eval-nfcorpus--portable-elm-remean--s1--exact: 18.1s exit=0 vram 590->590 MiB
UNIT eval-nfcorpus--portable-elm-recal--s1--exact: 18.2s exit=0 vram 590->590 MiB
UNIT train-scifact-mlp-s1: 123.4s exit=0 vram 590->590 MiB
UNIT train-scifact-elm-s1: 66.9s exit=0 vram 590->590 MiB
UNIT eval-scifact--percorpus-mlp--s1--exact: 22.8s exit=0 vram 590->590 MiB
UNIT eval-scifact--portable-mlp--s1--exact: 22.8s exit=0 vram 590->590 MiB
UNIT eval-scifact--percorpus-elm--s1--exact: 22.8s exit=0 vram 590->590 MiB
UNIT eval-scifact--portable-elm--s1--exact: 22.7s exit=0 vram 590->590 MiB
UNIT eval-scifact--percorpus-mlp--s1--default: 23s exit=0 vram 590->590 MiB
UNIT eval-scifact--portable-mlp--s1--default: 23s exit=0 vram 590->590 MiB
UNIT eval-scifact--percorpus-elm--s1--default: 22.7s exit=0 vram 590->590 MiB
UNIT eval-scifact--portable-elm--s1--default: 22.9s exit=0 vram 590->590 MiB
UNIT recal-portable-mlp-s1-scifact: 21.9s exit=0 vram 590->590 MiB
UNIT eval-scifact--portable-mlp-remean--s1--exact: 23s exit=0 vram 590->590 MiB
UNIT eval-scifact--portable-mlp-recal--s1--exact: 22.6s exit=0 vram 590->590 MiB
UNIT eval-scifact--portable-mlp-remean--s1--default: 22.6s exit=0 vram 590->590 MiB
UNIT eval-scifact--portable-mlp-recal--s1--default: 22.7s exit=0 vram 590->590 MiB
UNIT recal-portable-elm-s1-scifact: 21.8s exit=0 vram 590->590 MiB
UNIT eval-scifact--portable-elm-remean--s1--exact: 22.6s exit=0 vram 590->590 MiB
UNIT eval-scifact--portable-elm-recal--s1--exact: 22.9s exit=0 vram 590->590 MiB
UNIT eval-scifact--portable-elm-remean--s1--default: 22.6s exit=0 vram 590->590 MiB
UNIT eval-scifact--portable-elm-recal--s1--default: 22.8s exit=0 vram 590->590 MiB
UNIT train-arguana-mlp-s1: 191.4s exit=0 vram 590->590 MiB
UNIT train-arguana-elm-s1: 98.5s exit=0 vram 590->590 MiB
UNIT eval-arguana--percorpus-mlp--s1--exact: 30.9s exit=0 vram 590->590 MiB
UNIT eval-arguana--portable-mlp--s1--exact: 31.1s exit=0 vram 590->590 MiB
UNIT eval-arguana--percorpus-elm--s1--exact: 31.1s exit=0 vram 590->590 MiB
UNIT eval-arguana--portable-elm--s1--exact: 31.1s exit=0 vram 590->590 MiB
UNIT eval-arguana--percorpus-mlp--s1--default: 32.6s exit=0 vram 590->590 MiB
UNIT eval-arguana--portable-mlp--s1--default: 32.8s exit=0 vram 590->590 MiB
UNIT eval-arguana--percorpus-elm--s1--default: 32.5s exit=0 vram 590->590 MiB
UNIT eval-arguana--portable-elm--s1--default: 32.6s exit=0 vram 590->590 MiB
UNIT recal-portable-mlp-s1-arguana: 29.2s exit=0 vram 590->590 MiB
UNIT eval-arguana--portable-mlp-remean--s1--exact: 30.8s exit=0 vram 590->590 MiB
UNIT eval-arguana--portable-mlp-recal--s1--exact: 31.1s exit=0 vram 590->590 MiB
UNIT eval-arguana--portable-mlp-remean--s1--default: 32.3s exit=0 vram 590->590 MiB
UNIT eval-arguana--portable-mlp-recal--s1--default: 32.4s exit=0 vram 590->590 MiB
UNIT recal-portable-elm-s1-arguana: 29.2s exit=0 vram 590->590 MiB
UNIT eval-arguana--portable-elm-remean--s1--exact: 31.1s exit=0 vram 590->590 MiB
UNIT eval-arguana--portable-elm-recal--s1--exact: 31.2s exit=0 vram 590->590 MiB
UNIT eval-arguana--portable-elm-remean--s1--default: 32.5s exit=0 vram 590->590 MiB
UNIT eval-arguana--portable-elm-recal--s1--default: 32.4s exit=0 vram 590->590 MiB
UNIT summarize-after-s1: 1.1s exit=0 vram 590->590 MiB
UNIT train-portable-mlp-s2: 178.9s exit=0 vram 590->590 MiB
UNIT train-portable-elm-s2: 89.1s exit=0 vram 590->590 MiB
UNIT train-nfcorpus-mlp-s2: 92.9s exit=0 vram 590->590 MiB
UNIT train-nfcorpus-elm-s2: 48.5s exit=0 vram 590->590 MiB
UNIT eval-nfcorpus--percorpus-mlp--s2--exact: 18s exit=0 vram 590->590 MiB
UNIT eval-nfcorpus--portable-mlp--s2--exact: 18s exit=0 vram 590->590 MiB
UNIT eval-nfcorpus--percorpus-elm--s2--exact: 18s exit=0 vram 590->590 MiB
UNIT eval-nfcorpus--portable-elm--s2--exact: 18.3s exit=0 vram 590->590 MiB
UNIT recal-portable-mlp-s2-nfcorpus: 17.6s exit=0 vram 590->590 MiB
UNIT eval-nfcorpus--portable-mlp-remean--s2--exact: 18s exit=0 vram 590->590 MiB
UNIT eval-nfcorpus--portable-mlp-recal--s2--exact: 18s exit=0 vram 590->590 MiB
UNIT recal-portable-elm-s2-nfcorpus: 17.4s exit=0 vram 590->590 MiB
UNIT eval-nfcorpus--portable-elm-remean--s2--exact: 18.3s exit=0 vram 590->590 MiB
UNIT eval-nfcorpus--portable-elm-recal--s2--exact: 18s exit=0 vram 590->590 MiB
UNIT train-scifact-mlp-s2: 125.6s exit=0 vram 590->590 MiB
UNIT train-scifact-elm-s2: 65.1s exit=0 vram 590->590 MiB
UNIT eval-scifact--percorpus-mlp--s2--exact: 22.5s exit=0 vram 590->590 MiB
UNIT eval-scifact--portable-mlp--s2--exact: 22.6s exit=0 vram 590->590 MiB
UNIT eval-scifact--percorpus-elm--s2--exact: 22.8s exit=0 vram 590->590 MiB
UNIT eval-scifact--portable-elm--s2--exact: 22.7s exit=0 vram 590->590 MiB
UNIT eval-scifact--percorpus-mlp--s2--default: 22.7s exit=0 vram 590->590 MiB
UNIT eval-scifact--portable-mlp--s2--default: 22.7s exit=0 vram 590->590 MiB
UNIT eval-scifact--percorpus-elm--s2--default: 23.1s exit=0 vram 590->590 MiB
UNIT eval-scifact--portable-elm--s2--default: 22.6s exit=0 vram 590->590 MiB
UNIT recal-portable-mlp-s2-scifact: 21.9s exit=0 vram 590->590 MiB
UNIT eval-scifact--portable-mlp-remean--s2--exact: 23.2s exit=0 vram 590->590 MiB
UNIT eval-scifact--portable-mlp-recal--s2--exact: 22.9s exit=0 vram 590->590 MiB
UNIT eval-scifact--portable-mlp-remean--s2--default: 22.9s exit=0 vram 590->590 MiB
UNIT eval-scifact--portable-mlp-recal--s2--default: 22.8s exit=0 vram 590->590 MiB
UNIT recal-portable-elm-s2-scifact: 21.9s exit=0 vram 590->590 MiB
UNIT eval-scifact--portable-elm-remean--s2--exact: 22.8s exit=0 vram 590->590 MiB
UNIT eval-scifact--portable-elm-recal--s2--exact: 22.7s exit=0 vram 590->590 MiB
UNIT eval-scifact--portable-elm-remean--s2--default: 22.6s exit=0 vram 590->590 MiB
UNIT eval-scifact--portable-elm-recal--s2--default: 22.5s exit=0 vram 590->590 MiB
UNIT train-arguana-mlp-s2: 189.9s exit=0 vram 590->590 MiB
UNIT train-arguana-elm-s2: 97.5s exit=0 vram 590->590 MiB
UNIT eval-arguana--percorpus-mlp--s2--exact: 31.1s exit=0 vram 590->590 MiB
UNIT eval-arguana--portable-mlp--s2--exact: 31.1s exit=0 vram 590->590 MiB
UNIT eval-arguana--percorpus-elm--s2--exact: 31.2s exit=0 vram 590->590 MiB
UNIT eval-arguana--portable-elm--s2--exact: 31s exit=0 vram 590->590 MiB
UNIT eval-arguana--percorpus-mlp--s2--default: 32.6s exit=0 vram 590->590 MiB
UNIT eval-arguana--portable-mlp--s2--default: 32.5s exit=0 vram 590->590 MiB
UNIT eval-arguana--percorpus-elm--s2--default: 32.9s exit=0 vram 590->590 MiB
UNIT eval-arguana--portable-elm--s2--default: 32.7s exit=0 vram 590->590 MiB
UNIT recal-portable-mlp-s2-arguana: 29.6s exit=0 vram 590->590 MiB
UNIT eval-arguana--portable-mlp-remean--s2--exact: 31.3s exit=0 vram 590->590 MiB
UNIT eval-arguana--portable-mlp-recal--s2--exact: 31.2s exit=0 vram 590->590 MiB
UNIT eval-arguana--portable-mlp-remean--s2--default: 32.8s exit=0 vram 590->590 MiB
UNIT eval-arguana--portable-mlp-recal--s2--default: 32.4s exit=0 vram 590->590 MiB
UNIT recal-portable-elm-s2-arguana: 29.5s exit=0 vram 590->590 MiB
UNIT eval-arguana--portable-elm-remean--s2--exact: 31s exit=0 vram 590->590 MiB
UNIT eval-arguana--portable-elm-recal--s2--exact: 31s exit=0 vram 590->590 MiB
UNIT eval-arguana--portable-elm-remean--s2--default: 32.6s exit=0 vram 590->590 MiB
UNIT eval-arguana--portable-elm-recal--s2--default: 32.9s exit=0 vram 590->590 MiB
UNIT summarize-after-s2: 1.2s exit=0 vram 590->590 MiB
UNIT train-portable-mlp-s3: 182.1s exit=0 vram 590->590 MiB
UNIT train-portable-elm-s3: 88.4s exit=0 vram 590->590 MiB
UNIT train-nfcorpus-mlp-s3: 92.1s exit=0 vram 590->590 MiB
UNIT train-nfcorpus-elm-s3: 50.1s exit=0 vram 590->590 MiB
UNIT eval-nfcorpus--percorpus-mlp--s3--exact: 18.3s exit=0 vram 590->590 MiB
UNIT eval-nfcorpus--portable-mlp--s3--exact: 18.3s exit=0 vram 590->590 MiB
UNIT eval-nfcorpus--percorpus-elm--s3--exact: 18.2s exit=0 vram 590->590 MiB
UNIT eval-nfcorpus--portable-elm--s3--exact: 17.9s exit=0 vram 590->590 MiB
UNIT recal-portable-mlp-s3-nfcorpus: 17.6s exit=0 vram 590->590 MiB
UNIT eval-nfcorpus--portable-mlp-remean--s3--exact: 17.9s exit=0 vram 590->590 MiB
UNIT eval-nfcorpus--portable-mlp-recal--s3--exact: 18.1s exit=0 vram 590->590 MiB
UNIT recal-portable-elm-s3-nfcorpus: 17.3s exit=0 vram 590->590 MiB
UNIT eval-nfcorpus--portable-elm-remean--s3--exact: 18s exit=0 vram 590->590 MiB
UNIT eval-nfcorpus--portable-elm-recal--s3--exact: 18.2s exit=0 vram 590->590 MiB
UNIT train-scifact-mlp-s3: 122.5s exit=0 vram 590->590 MiB
UNIT train-scifact-elm-s3: 66.4s exit=0 vram 590->590 MiB
UNIT eval-scifact--percorpus-mlp--s3--exact: 22.9s exit=0 vram 590->590 MiB
UNIT eval-scifact--portable-mlp--s3--exact: 22.8s exit=0 vram 590->590 MiB
UNIT eval-scifact--percorpus-elm--s3--exact: 22.4s exit=0 vram 590->590 MiB
UNIT eval-scifact--portable-elm--s3--exact: 22.7s exit=0 vram 590->590 MiB
UNIT eval-scifact--percorpus-mlp--s3--default: 22.8s exit=0 vram 590->590 MiB
UNIT eval-scifact--portable-mlp--s3--default: 22.7s exit=0 vram 590->590 MiB
UNIT eval-scifact--percorpus-elm--s3--default: 22.9s exit=0 vram 590->590 MiB
UNIT eval-scifact--portable-elm--s3--default: 22.7s exit=0 vram 590->590 MiB
UNIT recal-portable-mlp-s3-scifact: 21.7s exit=0 vram 590->590 MiB
UNIT eval-scifact--portable-mlp-remean--s3--exact: 22.9s exit=0 vram 590->590 MiB
UNIT eval-scifact--portable-mlp-recal--s3--exact: 22.8s exit=0 vram 590->590 MiB
UNIT eval-scifact--portable-mlp-remean--s3--default: 22.8s exit=0 vram 590->590 MiB
UNIT eval-scifact--portable-mlp-recal--s3--default: 22.8s exit=0 vram 590->590 MiB
UNIT recal-portable-elm-s3-scifact: 22s exit=0 vram 590->590 MiB
UNIT eval-scifact--portable-elm-remean--s3--exact: 23s exit=0 vram 590->590 MiB
UNIT eval-scifact--portable-elm-recal--s3--exact: 23.2s exit=0 vram 590->590 MiB
UNIT eval-scifact--portable-elm-remean--s3--default: 22.9s exit=0 vram 590->590 MiB
UNIT eval-scifact--portable-elm-recal--s3--default: 23s exit=0 vram 590->590 MiB
UNIT train-arguana-mlp-s3: 187.3s exit=0 vram 590->590 MiB
UNIT train-arguana-elm-s3: 99.1s exit=0 vram 590->590 MiB
UNIT eval-arguana--percorpus-mlp--s3--exact: 31.5s exit=0 vram 590->590 MiB
UNIT eval-arguana--portable-mlp--s3--exact: 31.4s exit=0 vram 590->590 MiB
UNIT eval-arguana--percorpus-elm--s3--exact: 31.2s exit=0 vram 590->590 MiB
UNIT eval-arguana--portable-elm--s3--exact: 31s exit=0 vram 590->590 MiB
UNIT eval-arguana--percorpus-mlp--s3--default: 32.5s exit=0 vram 590->590 MiB
UNIT eval-arguana--portable-mlp--s3--default: 32.6s exit=0 vram 590->590 MiB
UNIT eval-arguana--percorpus-elm--s3--default: 32.5s exit=0 vram 590->590 MiB
UNIT eval-arguana--portable-elm--s3--default: 32.5s exit=0 vram 590->590 MiB
UNIT recal-portable-mlp-s3-arguana: 29.6s exit=0 vram 590->590 MiB
UNIT eval-arguana--portable-mlp-remean--s3--exact: 31.6s exit=0 vram 590->590 MiB
UNIT eval-arguana--portable-mlp-recal--s3--exact: 31.5s exit=0 vram 590->590 MiB
UNIT eval-arguana--portable-mlp-remean--s3--default: 32.8s exit=0 vram 590->590 MiB
UNIT eval-arguana--portable-mlp-recal--s3--default: 32.7s exit=0 vram 590->590 MiB
UNIT recal-portable-elm-s3-arguana: 29.2s exit=0 vram 590->590 MiB
UNIT eval-arguana--portable-elm-remean--s3--exact: 31.1s exit=0 vram 590->590 MiB
UNIT eval-arguana--portable-elm-recal--s3--exact: 31.1s exit=0 vram 590->590 MiB
UNIT eval-arguana--portable-elm-remean--s3--default: 32.6s exit=0 vram 590->590 MiB
UNIT eval-arguana--portable-elm-recal--s3--default: 32.6s exit=0 vram 590->590 MiB
UNIT summarize-after-s3: 1.2s exit=0 vram 590->590 MiB
UNIT train-portable-mlp-basis-s1: 77.5s exit=0 vram 590->590 MiB
UNIT eval-nfcorpus--portable-mlp-basis--s1--exact: 18.1s exit=0 vram 590->590 MiB
UNIT eval-scifact--portable-mlp-basis--s1--exact: 22.8s exit=0 vram 590->590 MiB
UNIT eval-scifact--portable-mlp-basis--s1--default: 23.1s exit=0 vram 590->590 MiB
UNIT eval-arguana--portable-mlp-basis--s1--exact: 31.3s exit=0 vram 590->590 MiB
UNIT eval-arguana--portable-mlp-basis--s1--default: 32.5s exit=0 vram 590->590 MiB
UNIT train-portable-mlp-basis-s2: 76.1s exit=0 vram 590->590 MiB
UNIT eval-nfcorpus--portable-mlp-basis--s2--exact: 18.1s exit=0 vram 590->590 MiB
UNIT eval-scifact--portable-mlp-basis--s2--exact: 23.1s exit=0 vram 590->590 MiB
UNIT eval-scifact--portable-mlp-basis--s2--default: 22.9s exit=0 vram 590->590 MiB
UNIT eval-arguana--portable-mlp-basis--s2--exact: 31.2s exit=0 vram 590->590 MiB
UNIT eval-arguana--portable-mlp-basis--s2--default: 32.8s exit=0 vram 590->590 MiB
UNIT train-portable-mlp-basis-s3: 76.9s exit=0 vram 590->590 MiB
UNIT eval-nfcorpus--portable-mlp-basis--s3--exact: 18.1s exit=0 vram 590->590 MiB
UNIT eval-scifact--portable-mlp-basis--s3--exact: 22.8s exit=0 vram 590->590 MiB
UNIT eval-scifact--portable-mlp-basis--s3--default: 22.9s exit=0 vram 590->590 MiB
UNIT eval-arguana--portable-mlp-basis--s3--exact: 31s exit=0 vram 590->590 MiB
UNIT eval-arguana--portable-mlp-basis--s3--default: 32.7s exit=0 vram 590->590 MiB
UNIT train-legacy-nfcorpus-mlp-s42: 90.3s exit=0 vram 590->590 MiB
UNIT eval-nfcorpus--legacy-mlp-center-false--s42--exact: 17.7s exit=0 vram 590->590 MiB
UNIT eval-nfcorpus--muvera-20,5,16--exact: 25.2s exit=0 vram 590->590 MiB
UNIT eval-nfcorpus--muvera-4,5,16--exact: 18.2s exit=0 vram 590->590 MiB
UNIT eval-nfcorpus--muvera-20,2,32--exact: 28.9s exit=0 vram 590->590 MiB
UNIT eval-scifact--muvera-20,5,16--exact: 33s exit=0 vram 590->590 MiB
UNIT eval-scifact--muvera-20,5,16--default: 36s exit=0 vram 590->590 MiB
UNIT eval-scifact--muvera-4,5,16--exact: 23.2s exit=0 vram 590->590 MiB
UNIT eval-scifact--muvera-4,5,16--default: 23.1s exit=0 vram 590->590 MiB
UNIT eval-scifact--muvera-20,2,32--exact: 38.7s exit=0 vram 590->590 MiB
UNIT eval-scifact--muvera-20,2,32--default: 39.9s exit=0 vram 590->590 MiB
UNIT eval-arguana--muvera-20,5,16--exact: 48.8s exit=0 vram 590->590 MiB
UNIT eval-arguana--muvera-20,5,16--default: 60.5s exit=0 vram 590->590 MiB
UNIT eval-arguana--muvera-4,5,16--exact: 31.1s exit=0 vram 590->590 MiB
UNIT eval-arguana--muvera-4,5,16--default: 33s exit=0 vram 590->590 MiB
UNIT eval-arguana--muvera-20,2,32--exact: 51.3s exit=0 vram 590->590 MiB
UNIT eval-arguana--muvera-20,2,32--default: 54.8s exit=0 vram 590->590 MiB
UNIT preflight-nfcorpus-mlp-s1--nfcorpus: 15.4s exit=0 vram 590->590 MiB
UNIT preflight-nfcorpus-elm-s1--nfcorpus: 15.2s exit=0 vram 590->590 MiB
UNIT preflight-portable-mlp-s1--nfcorpus: 15.2s exit=0 vram 590->590 MiB
UNIT preflight-portable-elm-s1--nfcorpus: 15.2s exit=0 vram 590->590 MiB
UNIT preflight-portable-mlp-basis-s1--nfcorpus: 15.2s exit=0 vram 590->590 MiB
UNIT preflight-scifact-mlp-s1--scifact: 15.3s exit=0 vram 590->590 MiB
UNIT preflight-scifact-elm-s1--scifact: 15.3s exit=0 vram 590->590 MiB
UNIT preflight-portable-mlp-s1--scifact: 15.2s exit=0 vram 590->590 MiB
UNIT preflight-portable-elm-s1--scifact: 15.2s exit=0 vram 590->590 MiB
UNIT preflight-portable-mlp-basis-s1--scifact: 15.2s exit=0 vram 590->590 MiB
UNIT preflight-arguana-mlp-s1--arguana: 15.2s exit=0 vram 590->590 MiB
UNIT preflight-arguana-elm-s1--arguana: 15.1s exit=0 vram 590->590 MiB
UNIT preflight-portable-mlp-s1--arguana: 14.8s exit=0 vram 590->590 MiB
UNIT preflight-portable-elm-s1--arguana: 14.9s exit=0 vram 590->590 MiB
UNIT preflight-portable-mlp-basis-s1--arguana: 14.7s exit=0 vram 590->590 MiB
UNIT summarize-final: 1.5s exit=0 vram 590->590 MiB
